test_bosonic_vacuum_extension_all_fock_coherences (__main__.Checks.test_bosonic_vacuum_extension_all_fock_coherences) ... ok
test_concavity_and_phase_twirl_for_entropy_bound (__main__.Checks.test_concavity_and_phase_twirl_for_entropy_bound) ... ok
test_counted_achievability_under_arbitrary_positive_energy_budget (__main__.Checks.test_counted_achievability_under_arbitrary_positive_energy_budget) ... ok
test_message_fidelity_operator_bound (__main__.Checks.test_message_fidelity_operator_bound) ... ok
test_reverse_simulation_and_classical_information_penalty (__main__.Checks.test_reverse_simulation_and_classical_information_penalty) ... ok
test_single_letter_rate_bracket_and_threshold_slopes (__main__.Checks.test_single_letter_rate_bracket_and_threshold_slopes) ... ERROR

======================================================================
ERROR: test_single_letter_rate_bracket_and_threshold_slopes (__main__.Checks.test_single_letter_rate_bracket_and_threshold_slopes)
----------------------------------------------------------------------
Traceback (most recent call last):
  File "/mnt/data/revised_followup_2026-10-06/check_monitoring_followup.py", line 121, in test_single_letter_rate_bracket_and_threshold_slopes
    upper,_=rates_upper(a,1-a)
            ~~~~~~~~~~~^^^^^^^
  File "/mnt/data/revised_followup_2026-10-06/check_monitoring_followup.py", line 22, in rates_upper
    cross=brentq(lambda q:h(q)-d(q),1e-10,1-1e-12,xtol=1e-14) if (a,b)!=(1.,0.) else .5
          ~~~~~~^^^^^^^^^^^^^^^^^^^^^^^^^^^^^^^^^^^^^^^^^^^^^
  File "/opt/pyvenv/lib/python3.13/site-packages/scipy/optimize/_zeros_py.py", line 846, in brentq
    r = _zeros._brentq(f, a, b, xtol, rtol, maxiter, args, full_output, disp)
ValueError: f(a) and f(b) must have different signs

----------------------------------------------------------------------
Ran 6 tests in 0.100s

FAILED (errors=1)
